// Jest Snapshot v1, https://goo.gl/fbAQLP

exports[`GraduationDate renders with default props 1`] = `
<label id="graduationDateField"
       class="o-forms-field ncf__validation-error ncf__graduation-date"
       data-validate="required"
       for="graduationDateMonth"
>
  <span class="o-forms-title">
    <span class="o-forms-title__main">
      Graduation date
    </span>
  </span>
  <span class="o-forms-input o-forms-input--select ncf__graduation-date__select-wrapper">
    <span>
      <label for="graduationDateMonth">
        Month
      </label>
      <select id="graduationDateMonth"
              name="graduationDateMonth"
              aria-required="false"
      >
        <option value="01">
          January
        </option>
        <option value="02">
          February
        </option>
        <option value="03">
          March
        </option>
        <option value="04">
          April
        </option>
        <option value="05">
          May
        </option>
        <option value="06">
          June
        </option>
        <option value="07">
          July
        </option>
        <option value="08">
          August
        </option>
        <option value="09">
          September
        </option>
        <option value="10">
          October
        </option>
        <option value="11">
          November
        </option>
        <option value="12">
          December
        </option>
      </select>
    </span>
    <span>
      <label for="graduationDateYear">
        Year
      </label>
      <select id="graduationDateYear"
              name="graduationDateYear"
              aria-required="false"
      >
        <option value="2016">
          2016
        </option>
        <option value="2017">
          2017
        </option>
        <option value="2018">
          2018
        </option>
        <option value="2019">
          2019
        </option>
        <option value="2020">
          2020
        </option>
        <option value="2021">
          2021
        </option>
        <option value="2022">
          2022
        </option>
        <option value="2023">
          2023
        </option>
        <option value="2024">
          2024
        </option>
      </select>
    </span>
    <span class="o-forms-input__error">
      Please select a valid graduation date
    </span>
  </span>
</label>
`;
