// Jest Snapshot v1, https://goo.gl/fbAQLP

exports[`GraduationDate renders with default props 1`] = `
<div id="graduationDateField"
     class="o-forms-field ncf__validation-error ncf__graduation-date"
     data-validate="required"
>
  <span class="o-forms-title"
        role="group"
        aria-labelledby="graduationTitleMain"
  >
    <span class="o-forms-title__main"
          id="graduationTitleMain"
    >
      Expected graduation date
    </span>
  </span>
  <div class="o-forms-input o-forms-input--select">
    <div class="ncf__graduation-date__select-wrapper">
      <span>
        <label for="graduationDateMonth">
          Month
        </label>
        <select id="graduationDateMonth"
                name="graduationDateMonth"
                aria-required="false"
        >
          <option value="01">
            January
          </option>
          <option value="02">
            February
          </option>
          <option value="03">
            March
          </option>
          <option value="04">
            April
          </option>
          <option value="05">
            May
          </option>
          <option value="06">
            June
          </option>
          <option value="07">
            July
          </option>
          <option value="08">
            August
          </option>
          <option value="09">
            September
          </option>
          <option value="10">
            October
          </option>
          <option value="11">
            November
          </option>
          <option value="12">
            December
          </option>
        </select>
      </span>
      <span>
        <label for="graduationDateYear">
          Year
        </label>
        <select id="graduationDateYear"
                name="graduationDateYear"
                aria-required="false"
        >
          <option value="2019">
            2019
          </option>
          <option value="2020">
            2020
          </option>
          <option value="2021">
            2021
          </option>
          <option value="2022">
            2022
          </option>
          <option value="2023">
            2023
          </option>
          <option value="2024">
            2024
          </option>
          <option value="2025">
            2025
          </option>
          <option value="2026">
            2026
          </option>
          <option value="2027">
            2027
          </option>
        </select>
      </span>
    </div>
    <span class="o-forms-input__error">
      Please select a valid graduation date
    </span>
  </div>
  <div id="graduationDateCompliance"
       class="ncf__field ncf__gd-compliance"
  >
    <p>
      We use the information you provide, and may share it with your institution, for the purposes of administering your institution&#x27;s licence for
      <a class="ncf__link--external"
         href="https://ft.com/"
         title="Financial Times"
         target="_blank"
         rel="noopener noreferrer"
      >
        FT.com.
      </a>
    </p>
    <p>
      We may also use it to ensure our communications to you are more relevant. If you do not wish us to do so, you can amend your preferences at any time
      <a class="ncf__link--external"
         href="http://www.ft.com/myft/alerts/"
         title="Financial Times"
         target="_blank"
         rel="noopener noreferrer"
      >
        here
      </a>
    </p>
  </div>
</div>
`;
